{"5fbbb3d8e8930583c1742ad80ad2e72b": {"CONTENT": ["\n", "This is a test file.\n"], "VERSION": 1, "DATE-TIME": "2014-08-04 16:34:44.723956"}}